============================= test session starts =============================
platform win32 -- Python 3.11.9, pytest-9.0.2, pluggy-1.6.0
rootdir: C:\Users\Xuan\Projects\BB16_script
configfile: pyproject.toml
collected 0 items / 1 error

=================================== ERRORS ====================================
___________________ ERROR collecting tests/test_protocol.py ___________________
ImportError while importing test module 'C:\Users\Xuan\Projects\BB16_script\tests\test_protocol.py'.
Hint: make sure your test modules/packages have valid Python names.
Traceback:
C:\Program Files\WindowsApps\PythonSoftwareFoundation.Python.3.11_3.11.2544.0_x64__qbz5n2kfra8p0\Lib\importlib\__init__.py:126: in import_module
    return _bootstrap._gcd_import(name[level:], package, level)
           ^^^^^^^^^^^^^^^^^^^^^^^^^^^^^^^^^^^^^^^^^^^^^^^^^^^^
tests\test_protocol.py:3: in <module>
    from bb16.device import Message, CmdType, TransType, Oid, GetFile
src\bb16\device.py:16: in <module>
    from .logger import setup_logging
src\bb16\logger.py:3: in <module>
    from config import settings
E   ModuleNotFoundError: No module named 'config'
============================== warnings summary ===============================
src\bb16\config.py:6
  C:\Users\Xuan\Projects\BB16_script\src\bb16\config.py:6: PydanticDeprecatedSince20: Support for class-based `config` is deprecated, use ConfigDict instead. Deprecated in Pydantic V2.0 to be removed in V3.0. See Pydantic V2 Migration Guide at https://errors.pydantic.dev/2.12/migration/
    class Settings(BaseSettings):

-- Docs: https://docs.pytest.org/en/stable/how-to/capture-warnings.html
=========================== short test summary info ===========================
ERROR tests/test_protocol.py
!!!!!!!!!!!!!!!!!!! Interrupted: 1 error during collection !!!!!!!!!!!!!!!!!!!!
========================= 1 warning, 1 error in 0.30s =========================
